{"timestamp":"2026-08-15T20:13:32.501062Z","level":"info","event":"::group::Pre Execute","logger":"task","filename":"task_runner.py","lineno":2303}
{"timestamp":"2026-08-15T20:13:32.709941Z","level":"info","event":"DAG bundles loaded: dags-folder, example_dags, apache-airflow-providers-common-sql-example-dags, apache-airflow-providers-standard-example-dags","map_index":-1,"dag_id":"act_rave_ingestion","try_number":1,"ti_id":"01a00700-c294-7b5b-8726-c12e356c1de1","task_id":"extract_rave_to_csv","run_id":"manual__2026-08-15T19:58:05.429434+00:00","logger":"airflow.dag_processing.bundles.manager.DagBundlesManager","filename":"manager.py","lineno":271}
{"timestamp":"2026-08-15T20:13:32.712595Z","level":"info","event":"Filling up the DagBag from /workspaces/act-data-platform/dags/act_pipeline_dag.py","map_index":-1,"dag_id":"act_rave_ingestion","try_number":1,"ti_id":"01a00700-c294-7b5b-8726-c12e356c1de1","task_id":"extract_rave_to_csv","run_id":"manual__2026-08-15T19:58:05.429434+00:00","logger":"airflow.dag_processing.dagbag.BundleDagBag","filename":"dagbag.py","lineno":460}
{"timestamp":"2026-08-15T20:13:32.837909Z","level":"info","event":"Worker startup parse complete","bundle_name":"dags-folder","bundle_version":null,"dag_file":"act_pipeline_dag.py","dag_id":"act_rave_ingestion","bundle_prepare_ms":8,"dag_file_parse_ms":125,"map_index":-1,"try_number":1,"ti_id":"01a00700-c294-7b5b-8726-c12e356c1de1","task_id":"extract_rave_to_csv","run_id":"manual__2026-08-15T19:58:05.429434+00:00","logger":"task","filename":"task_runner.py","lineno":1062}
{"timestamp":"2026-08-15T20:13:32.893011Z","level":"info","event":"Task instance is in running state","logger":"task.stdout"}
{"timestamp":"2026-08-15T20:13:32.894515Z","level":"info","event":" Previous state of the Task instance: TaskInstanceState.QUEUED","logger":"task.stdout"}
{"timestamp":"2026-08-15T20:13:32.895195Z","level":"info","event":"Current task name:extract_rave_to_csv","logger":"task.stdout"}
{"timestamp":"2026-08-15T20:13:32.895440Z","level":"info","event":"Dag name:act_rave_ingestion","logger":"task.stdout"}
{"timestamp":"2026-08-15T20:13:32.892995Z","level":"info","event":"::endgroup::","map_index":-1,"dag_id":"act_rave_ingestion","try_number":1,"ti_id":"01a00700-c294-7b5b-8726-c12e356c1de1","task_id":"extract_rave_to_csv","run_id":"manual__2026-08-15T19:58:05.429434+00:00","logger":"task","filename":"task_runner.py","lineno":2107}
{"timestamp":"2026-08-15T20:13:34.292048Z","level":"info","event":"Starting ACT Rave extraction...","logger":"task.stdout"}
{"timestamp":"2026-08-15T20:13:34.292329Z","level":"info","event":"","logger":"task.stdout"}
{"timestamp":"2026-08-15T20:13:34.292960Z","level":"info","event":"==================================================","logger":"task.stdout"}
{"timestamp":"2026-08-15T20:13:34.293242Z","level":"info","event":"Processing: study","logger":"task.stdout"}
{"timestamp":"2026-08-15T20:13:34.293439Z","level":"info","event":"==================================================","logger":"task.stdout"}
{"timestamp":"2026-08-15T20:13:34.293678Z","level":"info","event":"Calling: https://probable-xylophone-jj6gx774wq54hj54j-8000.app.github.dev/studies","logger":"task.stdout"}
{"timestamp":"2026-08-15T20:13:36.480347Z","level":"info","event":"Records received: 1","logger":"task.stdout"}
{"timestamp":"2026-08-15T20:13:36.497874Z","level":"info","event":"study: 1 records written to data/temp/study.csv","logger":"task.stdout"}
{"timestamp":"2026-08-15T20:13:36.498170Z","level":"info","event":"","logger":"task.stdout"}
{"timestamp":"2026-08-15T20:13:36.498351Z","level":"info","event":"==================================================","logger":"task.stdout"}
{"timestamp":"2026-08-15T20:13:36.498528Z","level":"info","event":"Processing: site","logger":"task.stdout"}
{"timestamp":"2026-08-15T20:13:36.498698Z","level":"info","event":"==================================================","logger":"task.stdout"}
{"timestamp":"2026-08-15T20:13:36.498898Z","level":"info","event":"Calling: https://probable-xylophone-jj6gx774wq54hj54j-8000.app.github.dev/sites","logger":"task.stdout"}
{"timestamp":"2026-08-15T20:13:38.351853Z","level":"info","event":"Records received: 5","logger":"task.stdout"}
{"timestamp":"2026-08-15T20:13:38.394546Z","level":"info","event":"site: 5 records written to data/temp/site.csv","logger":"task.stdout"}
{"timestamp":"2026-08-15T20:13:38.396958Z","level":"info","event":"","logger":"task.stdout"}
{"timestamp":"2026-08-15T20:13:38.397220Z","level":"info","event":"==================================================","logger":"task.stdout"}
{"timestamp":"2026-08-15T20:13:38.397921Z","level":"info","event":"Processing: subject","logger":"task.stdout"}
{"timestamp":"2026-08-15T20:13:38.399917Z","level":"info","event":"==================================================","logger":"task.stdout"}
{"timestamp":"2026-08-15T20:13:38.400121Z","level":"info","event":"Calling: https://probable-xylophone-jj6gx774wq54hj54j-8000.app.github.dev/subjects","logger":"task.stdout"}
{"timestamp":"2026-08-15T20:13:41.405640Z","level":"info","event":"Records received: 5","logger":"task.stdout"}
{"timestamp":"2026-08-15T20:13:41.410487Z","level":"info","event":"subject: 5 records written to data/temp/subject.csv","logger":"task.stdout"}
{"timestamp":"2026-08-15T20:13:41.412156Z","level":"info","event":"","logger":"task.stdout"}
{"timestamp":"2026-08-15T20:13:41.412390Z","level":"info","event":"==================================================","logger":"task.stdout"}
{"timestamp":"2026-08-15T20:13:41.412613Z","level":"info","event":"Processing: visit","logger":"task.stdout"}
{"timestamp":"2026-08-15T20:13:41.412866Z","level":"info","event":"==================================================","logger":"task.stdout"}
{"timestamp":"2026-08-15T20:13:41.413103Z","level":"info","event":"Calling: https://probable-xylophone-jj6gx774wq54hj54j-8000.app.github.dev/visits","logger":"task.stdout"}
{"timestamp":"2026-08-15T20:13:42.832476Z","level":"info","event":"Records received: 5","logger":"task.stdout"}
{"timestamp":"2026-08-15T20:13:42.835563Z","level":"info","event":"visit: 5 records written to data/temp/visit.csv","logger":"task.stdout"}
{"timestamp":"2026-08-15T20:13:42.835887Z","level":"info","event":"","logger":"task.stdout"}
{"timestamp":"2026-08-15T20:13:42.836097Z","level":"info","event":"==================================================","logger":"task.stdout"}
{"timestamp":"2026-08-15T20:13:42.836280Z","level":"info","event":"Processing: adverse_event","logger":"task.stdout"}
{"timestamp":"2026-08-15T20:13:42.836470Z","level":"info","event":"==================================================","logger":"task.stdout"}
{"timestamp":"2026-08-15T20:13:42.836674Z","level":"info","event":"Calling: https://probable-xylophone-jj6gx774wq54hj54j-8000.app.github.dev/adverse-events","logger":"task.stdout"}
{"timestamp":"2026-08-15T20:13:44.426855Z","level":"info","event":"Records received: 5","logger":"task.stdout"}
{"timestamp":"2026-08-15T20:13:44.457628Z","level":"info","event":"adverse_event: 5 records written to data/temp/adverse_event.csv","logger":"task.stdout"}
{"timestamp":"2026-08-15T20:13:44.457936Z","level":"info","event":"","logger":"task.stdout"}
{"timestamp":"2026-08-15T20:13:44.458101Z","level":"info","event":"==================================================","logger":"task.stdout"}
{"timestamp":"2026-08-15T20:13:44.458247Z","level":"info","event":"Processing: lab_result","logger":"task.stdout"}
{"timestamp":"2026-08-15T20:13:44.458390Z","level":"info","event":"==================================================","logger":"task.stdout"}
{"timestamp":"2026-08-15T20:13:44.458536Z","level":"info","event":"Calling: https://probable-xylophone-jj6gx774wq54hj54j-8000.app.github.dev/lab-results","logger":"task.stdout"}
{"timestamp":"2026-08-15T20:13:45.762590Z","level":"info","event":"Records received: 5","logger":"task.stdout"}
{"timestamp":"2026-08-15T20:13:45.778871Z","level":"info","event":"lab_result: 5 records written to data/temp/lab_result.csv","logger":"task.stdout"}
{"timestamp":"2026-08-15T20:13:45.779253Z","level":"info","event":"","logger":"task.stdout"}
{"timestamp":"2026-08-15T20:13:45.779446Z","level":"info","event":"==================================================","logger":"task.stdout"}
{"timestamp":"2026-08-15T20:13:45.779649Z","level":"info","event":"Processing: protocol_deviation","logger":"task.stdout"}
{"timestamp":"2026-08-15T20:13:45.779904Z","level":"info","event":"==================================================","logger":"task.stdout"}
{"timestamp":"2026-08-15T20:13:45.781911Z","level":"info","event":"Calling: https://probable-xylophone-jj6gx774wq54hj54j-8000.app.github.dev/protocol-deviations","logger":"task.stdout"}
{"timestamp":"2026-08-15T20:13:48.963983Z","level":"info","event":"Records received: 4","logger":"task.stdout"}
{"timestamp":"2026-08-15T20:13:48.968314Z","level":"info","event":"protocol_deviation: 4 records written to data/temp/protocol_deviation.csv","logger":"task.stdout"}
{"timestamp":"2026-08-15T20:13:48.968625Z","level":"info","event":"","logger":"task.stdout"}
{"timestamp":"2026-08-15T20:13:48.969383Z","level":"info","event":"==================================================","logger":"task.stdout"}
{"timestamp":"2026-08-15T20:13:48.969579Z","level":"info","event":"Processing: data_query","logger":"task.stdout"}
{"timestamp":"2026-08-15T20:13:48.969743Z","level":"info","event":"==================================================","logger":"task.stdout"}
{"timestamp":"2026-08-15T20:13:48.969934Z","level":"info","event":"Calling: https://probable-xylophone-jj6gx774wq54hj54j-8000.app.github.dev/data-queries","logger":"task.stdout"}
{"timestamp":"2026-08-15T20:13:50.662764Z","level":"info","event":"Records received: 4","logger":"task.stdout"}
{"timestamp":"2026-08-15T20:13:50.674063Z","level":"info","event":"data_query: 4 records written to data/temp/data_query.csv","logger":"task.stdout"}
{"timestamp":"2026-08-15T20:13:50.674265Z","level":"info","event":"Files created: 8","logger":"task.stdout"}
{"timestamp":"2026-08-15T20:13:50.674436Z","level":"info","event":"data/temp/study.csv","logger":"task.stdout"}
{"timestamp":"2026-08-15T20:13:50.674591Z","level":"info","event":"data/temp/site.csv","logger":"task.stdout"}
{"timestamp":"2026-08-15T20:13:50.674744Z","level":"info","event":"data/temp/subject.csv","logger":"task.stdout"}
{"timestamp":"2026-08-15T20:13:50.674920Z","level":"info","event":"data/temp/visit.csv","logger":"task.stdout"}
{"timestamp":"2026-08-15T20:13:50.675071Z","level":"info","event":"data/temp/adverse_event.csv","logger":"task.stdout"}
{"timestamp":"2026-08-15T20:13:50.675220Z","level":"info","event":"data/temp/lab_result.csv","logger":"task.stdout"}
{"timestamp":"2026-08-15T20:13:50.675369Z","level":"info","event":"data/temp/protocol_deviation.csv","logger":"task.stdout"}
{"timestamp":"2026-08-15T20:13:50.675520Z","level":"info","event":"data/temp/data_query.csv","logger":"task.stdout"}
{"timestamp":"2026-08-15T20:13:50.666592Z","level":"info","event":"Done. Returned value was: ['data/temp/study.csv', 'data/temp/site.csv', 'data/temp/subject.csv', 'data/temp/visit.csv', 'data/temp/adverse_event.csv', 'data/temp/lab_result.csv', 'data/temp/protocol_deviation.csv', 'data/temp/data_query.csv']","map_index":-1,"dag_id":"act_rave_ingestion","try_number":1,"ti_id":"01a00700-c294-7b5b-8726-c12e356c1de1","task_id":"extract_rave_to_csv","run_id":"manual__2026-08-15T19:58:05.429434+00:00","logger":"airflow.task.operators.airflow.providers.standard.decorators.python._PythonDecoratedOperator","filename":"python.py","lineno":233}
{"timestamp":"2026-08-15T20:13:50.667018Z","level":"info","event":"::group::Post Execute","map_index":-1,"dag_id":"act_rave_ingestion","try_number":1,"ti_id":"01a00700-c294-7b5b-8726-c12e356c1de1","task_id":"extract_rave_to_csv","run_id":"manual__2026-08-15T19:58:05.429434+00:00","logger":"task","filename":"task_runner.py","lineno":1577}
{"timestamp":"2026-08-15T20:13:50.667251Z","level":"info","event":"Pushing xcom","ti":"RuntimeTaskInstance(id=UUID('01a00700-c294-7b5b-8726-c12e356c1de1'), task_id='extract_rave_to_csv', dag_id='act_rave_ingestion', run_id='manual__2026-08-15T19:58:05.429434+00:00', try_number=1, dag_version_id=UUID('01a006fc-b5af-70e2-8c41-0e2b4ccb5214'), map_index=-1, hostname='codespaces-b6dc20', context_carrier={'traceparent': '00-6e9be0dc8f20378c82f1fcdc46866b17-e7258e9c1a7b462c-00'}, queue='default', task=<Task(_PythonDecoratedOperator): extract_rave_to_csv>, bundle_instance=LocalDagBundle(name=dags-folder), max_tries=2, start_date=datetime.datetime(2026, 8, 15, 20, 13, 32, 659653, tzinfo=datetime.timezone.utc), end_date=None, state=<TaskInstanceState.RUNNING: 'running'>, is_mapped=False, rendered_map_index=None, sentry_integration='')","map_index":-1,"dag_id":"act_rave_ingestion","try_number":1,"ti_id":"01a00700-c294-7b5b-8726-c12e356c1de1","task_id":"extract_rave_to_csv","run_id":"manual__2026-08-15T19:58:05.429434+00:00","logger":"task","filename":"task_runner.py","lineno":2171}
{"timestamp":"2026-08-15T20:13:50.714553Z","level":"info","event":"Task instance in success state","logger":"task.stdout"}
{"timestamp":"2026-08-15T20:13:50.716915Z","level":"info","event":" Previous state of the Task instance: TaskInstanceState.RUNNING","logger":"task.stdout"}
{"timestamp":"2026-08-15T20:13:50.717106Z","level":"info","event":"Task operator:<Task(_PythonDecoratedOperator): extract_rave_to_csv>","logger":"task.stdout"}
{"timestamp":"2026-08-15T20:13:50.709603Z","level":"info","event":"::endgroup::","map_index":-1,"dag_id":"act_rave_ingestion","try_number":1,"ti_id":"01a00700-c294-7b5b-8726-c12e356c1de1","task_id":"extract_rave_to_csv","run_id":"manual__2026-08-15T19:58:05.429434+00:00","logger":"task","filename":"task_runner.py","lineno":2270}
