{"timestamp":"2026-08-15T20:13:32.491058Z","level":"info","event":"::group::Pre Execute","logger":"task","filename":"task_runner.py","lineno":2303}
{"timestamp":"2026-08-15T20:13:32.685222Z","level":"info","event":"DAG bundles loaded: dags-folder, example_dags, apache-airflow-providers-common-sql-example-dags, apache-airflow-providers-standard-example-dags","task_id":"extract_rave_to_csv","run_id":"manual__2026-08-15T19:59:41.439634+00:00","try_number":1,"ti_id":"01a00702-399c-7f74-88b7-88f0ae0fea86","map_index":-1,"dag_id":"act_rave_ingestion","logger":"airflow.dag_processing.bundles.manager.DagBundlesManager","filename":"manager.py","lineno":271}
{"timestamp":"2026-08-15T20:13:32.687691Z","level":"info","event":"Filling up the DagBag from /workspaces/act-data-platform/dags/act_pipeline_dag.py","task_id":"extract_rave_to_csv","run_id":"manual__2026-08-15T19:59:41.439634+00:00","try_number":1,"ti_id":"01a00702-399c-7f74-88b7-88f0ae0fea86","map_index":-1,"dag_id":"act_rave_ingestion","logger":"airflow.dag_processing.dagbag.BundleDagBag","filename":"dagbag.py","lineno":460}
{"timestamp":"2026-08-15T20:13:32.832968Z","level":"info","event":"Worker startup parse complete","bundle_name":"dags-folder","bundle_version":null,"dag_file":"act_pipeline_dag.py","dag_id":"act_rave_ingestion","bundle_prepare_ms":8,"dag_file_parse_ms":145,"task_id":"extract_rave_to_csv","run_id":"manual__2026-08-15T19:59:41.439634+00:00","try_number":1,"ti_id":"01a00702-399c-7f74-88b7-88f0ae0fea86","map_index":-1,"logger":"task","filename":"task_runner.py","lineno":1062}
{"timestamp":"2026-08-15T20:13:32.885956Z","level":"info","event":"Task instance is in running state","logger":"task.stdout"}
{"timestamp":"2026-08-15T20:13:32.886250Z","level":"info","event":" Previous state of the Task instance: TaskInstanceState.QUEUED","logger":"task.stdout"}
{"timestamp":"2026-08-15T20:13:32.886433Z","level":"info","event":"Current task name:extract_rave_to_csv","logger":"task.stdout"}
{"timestamp":"2026-08-15T20:13:32.886601Z","level":"info","event":"Dag name:act_rave_ingestion","logger":"task.stdout"}
{"timestamp":"2026-08-15T20:13:32.884432Z","level":"info","event":"::endgroup::","task_id":"extract_rave_to_csv","run_id":"manual__2026-08-15T19:59:41.439634+00:00","try_number":1,"ti_id":"01a00702-399c-7f74-88b7-88f0ae0fea86","map_index":-1,"dag_id":"act_rave_ingestion","logger":"task","filename":"task_runner.py","lineno":2107}
{"timestamp":"2026-08-15T20:13:34.291462Z","level":"info","event":"Starting ACT Rave extraction...","logger":"task.stdout"}
{"timestamp":"2026-08-15T20:13:34.292407Z","level":"info","event":"","logger":"task.stdout"}
{"timestamp":"2026-08-15T20:13:34.293070Z","level":"info","event":"==================================================","logger":"task.stdout"}
{"timestamp":"2026-08-15T20:13:34.293224Z","level":"info","event":"Processing: study","logger":"task.stdout"}
{"timestamp":"2026-08-15T20:13:34.293387Z","level":"info","event":"==================================================","logger":"task.stdout"}
{"timestamp":"2026-08-15T20:13:34.293543Z","level":"info","event":"Calling: https://probable-xylophone-jj6gx774wq54hj54j-8000.app.github.dev/studies","logger":"task.stdout"}
{"timestamp":"2026-08-15T20:13:37.607890Z","level":"info","event":"Records received: 1","logger":"task.stdout"}
{"timestamp":"2026-08-15T20:13:37.613052Z","level":"info","event":"study: 1 records written to data/temp/study.csv","logger":"task.stdout"}
{"timestamp":"2026-08-15T20:13:37.613379Z","level":"info","event":"","logger":"task.stdout"}
{"timestamp":"2026-08-15T20:13:37.613608Z","level":"info","event":"==================================================","logger":"task.stdout"}
{"timestamp":"2026-08-15T20:13:37.613842Z","level":"info","event":"Processing: site","logger":"task.stdout"}
{"timestamp":"2026-08-15T20:13:37.614047Z","level":"info","event":"==================================================","logger":"task.stdout"}
{"timestamp":"2026-08-15T20:13:37.614249Z","level":"info","event":"Calling: https://probable-xylophone-jj6gx774wq54hj54j-8000.app.github.dev/sites","logger":"task.stdout"}
{"timestamp":"2026-08-15T20:13:40.897911Z","level":"info","event":"Records received: 5","logger":"task.stdout"}
{"timestamp":"2026-08-15T20:13:40.919826Z","level":"info","event":"site: 5 records written to data/temp/site.csv","logger":"task.stdout"}
{"timestamp":"2026-08-15T20:13:40.920119Z","level":"info","event":"","logger":"task.stdout"}
{"timestamp":"2026-08-15T20:13:40.920290Z","level":"info","event":"==================================================","logger":"task.stdout"}
{"timestamp":"2026-08-15T20:13:40.920476Z","level":"info","event":"Processing: subject","logger":"task.stdout"}
{"timestamp":"2026-08-15T20:13:40.921214Z","level":"info","event":"==================================================","logger":"task.stdout"}
{"timestamp":"2026-08-15T20:13:40.921386Z","level":"info","event":"Calling: https://probable-xylophone-jj6gx774wq54hj54j-8000.app.github.dev/subjects","logger":"task.stdout"}
{"timestamp":"2026-08-15T20:13:44.208532Z","level":"info","event":"Records received: 5","logger":"task.stdout"}
{"timestamp":"2026-08-15T20:13:44.229301Z","level":"info","event":"subject: 5 records written to data/temp/subject.csv","logger":"task.stdout"}
{"timestamp":"2026-08-15T20:13:44.229746Z","level":"info","event":"","logger":"task.stdout"}
{"timestamp":"2026-08-15T20:13:44.230048Z","level":"info","event":"==================================================","logger":"task.stdout"}
{"timestamp":"2026-08-15T20:13:44.230310Z","level":"info","event":"Processing: visit","logger":"task.stdout"}
{"timestamp":"2026-08-15T20:13:44.231889Z","level":"info","event":"==================================================","logger":"task.stdout"}
{"timestamp":"2026-08-15T20:13:44.232082Z","level":"info","event":"Calling: https://probable-xylophone-jj6gx774wq54hj54j-8000.app.github.dev/visits","logger":"task.stdout"}
{"timestamp":"2026-08-15T20:13:47.250872Z","level":"info","event":"Records received: 5","logger":"task.stdout"}
{"timestamp":"2026-08-15T20:13:47.268303Z","level":"info","event":"visit: 5 records written to data/temp/visit.csv","logger":"task.stdout"}
{"timestamp":"2026-08-15T20:13:47.268566Z","level":"info","event":"","logger":"task.stdout"}
{"timestamp":"2026-08-15T20:13:47.268738Z","level":"info","event":"==================================================","logger":"task.stdout"}
{"timestamp":"2026-08-15T20:13:47.270990Z","level":"info","event":"Processing: adverse_event","logger":"task.stdout"}
{"timestamp":"2026-08-15T20:13:47.271178Z","level":"info","event":"==================================================","logger":"task.stdout"}
{"timestamp":"2026-08-15T20:13:47.271351Z","level":"info","event":"Calling: https://probable-xylophone-jj6gx774wq54hj54j-8000.app.github.dev/adverse-events","logger":"task.stdout"}
{"timestamp":"2026-08-15T20:13:50.235861Z","level":"info","event":"Records received: 5","logger":"task.stdout"}
{"timestamp":"2026-08-15T20:13:50.245470Z","level":"info","event":"adverse_event: 5 records written to data/temp/adverse_event.csv","logger":"task.stdout"}
{"timestamp":"2026-08-15T20:13:50.245718Z","level":"info","event":"","logger":"task.stdout"}
{"timestamp":"2026-08-15T20:13:50.245942Z","level":"info","event":"==================================================","logger":"task.stdout"}
{"timestamp":"2026-08-15T20:13:50.246094Z","level":"info","event":"Processing: lab_result","logger":"task.stdout"}
{"timestamp":"2026-08-15T20:13:50.246238Z","level":"info","event":"==================================================","logger":"task.stdout"}
{"timestamp":"2026-08-15T20:13:50.246410Z","level":"info","event":"Calling: https://probable-xylophone-jj6gx774wq54hj54j-8000.app.github.dev/lab-results","logger":"task.stdout"}
{"timestamp":"2026-08-15T20:13:52.021859Z","level":"info","event":"Records received: 5","logger":"task.stdout"}
{"timestamp":"2026-08-15T20:13:52.028014Z","level":"info","event":"lab_result: 5 records written to data/temp/lab_result.csv","logger":"task.stdout"}
{"timestamp":"2026-08-15T20:13:52.028245Z","level":"info","event":"","logger":"task.stdout"}
{"timestamp":"2026-08-15T20:13:52.028443Z","level":"info","event":"==================================================","logger":"task.stdout"}
{"timestamp":"2026-08-15T20:13:52.028633Z","level":"info","event":"Processing: protocol_deviation","logger":"task.stdout"}
{"timestamp":"2026-08-15T20:13:52.028837Z","level":"info","event":"==================================================","logger":"task.stdout"}
{"timestamp":"2026-08-15T20:13:52.029020Z","level":"info","event":"Calling: https://probable-xylophone-jj6gx774wq54hj54j-8000.app.github.dev/protocol-deviations","logger":"task.stdout"}
{"timestamp":"2026-08-15T20:13:53.590834Z","level":"info","event":"Records received: 4","logger":"task.stdout"}
{"timestamp":"2026-08-15T20:13:53.601801Z","level":"info","event":"protocol_deviation: 4 records written to data/temp/protocol_deviation.csv","logger":"task.stdout"}
{"timestamp":"2026-08-15T20:13:53.602074Z","level":"info","event":"","logger":"task.stdout"}
{"timestamp":"2026-08-15T20:13:53.602709Z","level":"info","event":"==================================================","logger":"task.stdout"}
{"timestamp":"2026-08-15T20:13:53.602934Z","level":"info","event":"Processing: data_query","logger":"task.stdout"}
{"timestamp":"2026-08-15T20:13:53.603097Z","level":"info","event":"==================================================","logger":"task.stdout"}
{"timestamp":"2026-08-15T20:13:53.603237Z","level":"info","event":"Calling: https://probable-xylophone-jj6gx774wq54hj54j-8000.app.github.dev/data-queries","logger":"task.stdout"}
{"timestamp":"2026-08-15T20:13:54.847905Z","level":"info","event":"Records received: 4","logger":"task.stdout"}
{"timestamp":"2026-08-15T20:13:54.850951Z","level":"info","event":"data_query: 4 records written to data/temp/data_query.csv","logger":"task.stdout"}
{"timestamp":"2026-08-15T20:13:54.851176Z","level":"info","event":"Files created: 8","logger":"task.stdout"}
{"timestamp":"2026-08-15T20:13:54.851341Z","level":"info","event":"data/temp/study.csv","logger":"task.stdout"}
{"timestamp":"2026-08-15T20:13:54.851486Z","level":"info","event":"data/temp/site.csv","logger":"task.stdout"}
{"timestamp":"2026-08-15T20:13:54.851623Z","level":"info","event":"data/temp/subject.csv","logger":"task.stdout"}
{"timestamp":"2026-08-15T20:13:54.851792Z","level":"info","event":"data/temp/visit.csv","logger":"task.stdout"}
{"timestamp":"2026-08-15T20:13:54.851940Z","level":"info","event":"data/temp/adverse_event.csv","logger":"task.stdout"}
{"timestamp":"2026-08-15T20:13:54.852080Z","level":"info","event":"data/temp/lab_result.csv","logger":"task.stdout"}
{"timestamp":"2026-08-15T20:13:54.852236Z","level":"info","event":"data/temp/protocol_deviation.csv","logger":"task.stdout"}
{"timestamp":"2026-08-15T20:13:54.852387Z","level":"info","event":"data/temp/data_query.csv","logger":"task.stdout"}
{"timestamp":"2026-08-15T20:13:54.851040Z","level":"info","event":"Done. Returned value was: ['data/temp/study.csv', 'data/temp/site.csv', 'data/temp/subject.csv', 'data/temp/visit.csv', 'data/temp/adverse_event.csv', 'data/temp/lab_result.csv', 'data/temp/protocol_deviation.csv', 'data/temp/data_query.csv']","task_id":"extract_rave_to_csv","run_id":"manual__2026-08-15T19:59:41.439634+00:00","try_number":1,"ti_id":"01a00702-399c-7f74-88b7-88f0ae0fea86","map_index":-1,"dag_id":"act_rave_ingestion","logger":"airflow.task.operators.airflow.providers.standard.decorators.python._PythonDecoratedOperator","filename":"python.py","lineno":233}
{"timestamp":"2026-08-15T20:13:54.851283Z","level":"info","event":"::group::Post Execute","task_id":"extract_rave_to_csv","run_id":"manual__2026-08-15T19:59:41.439634+00:00","try_number":1,"ti_id":"01a00702-399c-7f74-88b7-88f0ae0fea86","map_index":-1,"dag_id":"act_rave_ingestion","logger":"task","filename":"task_runner.py","lineno":1577}
{"timestamp":"2026-08-15T20:13:54.851510Z","level":"info","event":"Pushing xcom","ti":"RuntimeTaskInstance(id=UUID('01a00702-399c-7f74-88b7-88f0ae0fea86'), task_id='extract_rave_to_csv', dag_id='act_rave_ingestion', run_id='manual__2026-08-15T19:59:41.439634+00:00', try_number=1, dag_version_id=UUID('01a006fc-b5af-70e2-8c41-0e2b4ccb5214'), map_index=-1, hostname='codespaces-b6dc20', context_carrier={'traceparent': '00-a97ea1750a2ee4547265a75a738eeae8-2bb40025807924ff-00'}, queue='default', task=<Task(_PythonDecoratedOperator): extract_rave_to_csv>, bundle_instance=LocalDagBundle(name=dags-folder), max_tries=2, start_date=datetime.datetime(2026, 8, 15, 20, 13, 32, 608894, tzinfo=datetime.timezone.utc), end_date=None, state=<TaskInstanceState.RUNNING: 'running'>, is_mapped=False, rendered_map_index=None, sentry_integration='')","task_id":"extract_rave_to_csv","run_id":"manual__2026-08-15T19:59:41.439634+00:00","try_number":1,"ti_id":"01a00702-399c-7f74-88b7-88f0ae0fea86","map_index":-1,"dag_id":"act_rave_ingestion","logger":"task","filename":"task_runner.py","lineno":2171}
{"timestamp":"2026-08-15T20:13:54.876547Z","level":"info","event":"Task instance in success state","logger":"task.stdout"}
{"timestamp":"2026-08-15T20:13:54.876813Z","level":"info","event":" Previous state of the Task instance: TaskInstanceState.RUNNING","logger":"task.stdout"}
{"timestamp":"2026-08-15T20:13:54.877039Z","level":"info","event":"Task operator:<Task(_PythonDecoratedOperator): extract_rave_to_csv>","logger":"task.stdout"}
{"timestamp":"2026-08-15T20:13:54.876797Z","level":"info","event":"::endgroup::","task_id":"extract_rave_to_csv","run_id":"manual__2026-08-15T19:59:41.439634+00:00","try_number":1,"ti_id":"01a00702-399c-7f74-88b7-88f0ae0fea86","map_index":-1,"dag_id":"act_rave_ingestion","logger":"task","filename":"task_runner.py","lineno":2270}
