{"timestamp":"2026-08-15T20:15:36.592288Z","level":"info","event":"::group::Pre Execute","logger":"task","filename":"task_runner.py","lineno":2303}
{"timestamp":"2026-08-15T20:15:36.645265Z","level":"info","event":"DAG bundles loaded: dags-folder, example_dags, apache-airflow-providers-common-sql-example-dags, apache-airflow-providers-standard-example-dags","map_index":-1,"run_id":"manual__2026-08-15T20:15:35.359340+00:00","task_id":"extract_rave_to_csv","ti_id":"01a00710-c7e3-789b-ab6b-b4c64339e983","try_number":1,"dag_id":"act_rave_ingestion","logger":"airflow.dag_processing.bundles.manager.DagBundlesManager","filename":"manager.py","lineno":271}
{"timestamp":"2026-08-15T20:15:36.647147Z","level":"info","event":"Filling up the DagBag from /workspaces/act-data-platform/dags/act_pipeline_dag.py","map_index":-1,"run_id":"manual__2026-08-15T20:15:35.359340+00:00","task_id":"extract_rave_to_csv","ti_id":"01a00710-c7e3-789b-ab6b-b4c64339e983","try_number":1,"dag_id":"act_rave_ingestion","logger":"airflow.dag_processing.dagbag.BundleDagBag","filename":"dagbag.py","lineno":460}
{"timestamp":"2026-08-15T20:15:36.689368Z","level":"info","event":"Worker startup parse complete","bundle_name":"dags-folder","bundle_version":null,"dag_file":"act_pipeline_dag.py","dag_id":"act_rave_ingestion","bundle_prepare_ms":2,"dag_file_parse_ms":42,"map_index":-1,"run_id":"manual__2026-08-15T20:15:35.359340+00:00","task_id":"extract_rave_to_csv","ti_id":"01a00710-c7e3-789b-ab6b-b4c64339e983","try_number":1,"logger":"task","filename":"task_runner.py","lineno":1062}
{"timestamp":"2026-08-15T20:15:36.738059Z","level":"info","event":"Task instance is in running state","logger":"task.stdout"}
{"timestamp":"2026-08-15T20:15:36.738361Z","level":"info","event":" Previous state of the Task instance: TaskInstanceState.QUEUED","logger":"task.stdout"}
{"timestamp":"2026-08-15T20:15:36.738539Z","level":"info","event":"Current task name:extract_rave_to_csv","logger":"task.stdout"}
{"timestamp":"2026-08-15T20:15:36.738703Z","level":"info","event":"Dag name:act_rave_ingestion","logger":"task.stdout"}
{"timestamp":"2026-08-15T20:15:36.736320Z","level":"info","event":"::endgroup::","map_index":-1,"run_id":"manual__2026-08-15T20:15:35.359340+00:00","task_id":"extract_rave_to_csv","ti_id":"01a00710-c7e3-789b-ab6b-b4c64339e983","try_number":1,"dag_id":"act_rave_ingestion","logger":"task","filename":"task_runner.py","lineno":2107}
{"timestamp":"2026-08-15T20:15:37.161830Z","level":"info","event":"Starting ACT Rave extraction...","logger":"task.stdout"}
{"timestamp":"2026-08-15T20:15:37.162204Z","level":"info","event":"","logger":"task.stdout"}
{"timestamp":"2026-08-15T20:15:37.162450Z","level":"info","event":"==================================================","logger":"task.stdout"}
{"timestamp":"2026-08-15T20:15:37.162648Z","level":"info","event":"Processing: study","logger":"task.stdout"}
{"timestamp":"2026-08-15T20:15:37.162861Z","level":"info","event":"==================================================","logger":"task.stdout"}
{"timestamp":"2026-08-15T20:15:37.163056Z","level":"info","event":"Calling: https://probable-xylophone-jj6gx774wq54hj54j-8000.app.github.dev/studies","logger":"task.stdout"}
{"timestamp":"2026-08-15T20:15:38.967484Z","level":"info","event":"Records received: 1","logger":"task.stdout"}
{"timestamp":"2026-08-15T20:15:38.982840Z","level":"info","event":"study: 1 records written to data/temp/study.csv","logger":"task.stdout"}
{"timestamp":"2026-08-15T20:15:38.983146Z","level":"info","event":"","logger":"task.stdout"}
{"timestamp":"2026-08-15T20:15:38.983334Z","level":"info","event":"==================================================","logger":"task.stdout"}
{"timestamp":"2026-08-15T20:15:38.985878Z","level":"info","event":"Processing: site","logger":"task.stdout"}
{"timestamp":"2026-08-15T20:15:38.986078Z","level":"info","event":"==================================================","logger":"task.stdout"}
{"timestamp":"2026-08-15T20:15:38.986239Z","level":"info","event":"Calling: https://probable-xylophone-jj6gx774wq54hj54j-8000.app.github.dev/sites","logger":"task.stdout"}
{"timestamp":"2026-08-15T20:15:42.176843Z","level":"info","event":"Records received: 5","logger":"task.stdout"}
{"timestamp":"2026-08-15T20:15:42.205295Z","level":"info","event":"site: 5 records written to data/temp/site.csv","logger":"task.stdout"}
{"timestamp":"2026-08-15T20:15:42.206803Z","level":"info","event":"","logger":"task.stdout"}
{"timestamp":"2026-08-15T20:15:42.207177Z","level":"info","event":"==================================================","logger":"task.stdout"}
{"timestamp":"2026-08-15T20:15:42.207924Z","level":"info","event":"Processing: subject","logger":"task.stdout"}
{"timestamp":"2026-08-15T20:15:42.208120Z","level":"info","event":"==================================================","logger":"task.stdout"}
{"timestamp":"2026-08-15T20:15:42.208279Z","level":"info","event":"Calling: https://probable-xylophone-jj6gx774wq54hj54j-8000.app.github.dev/subjects","logger":"task.stdout"}
{"timestamp":"2026-08-15T20:15:45.320635Z","level":"info","event":"Records received: 5","logger":"task.stdout"}
{"timestamp":"2026-08-15T20:15:45.323640Z","level":"info","event":"subject: 5 records written to data/temp/subject.csv","logger":"task.stdout"}
{"timestamp":"2026-08-15T20:15:45.323918Z","level":"info","event":"","logger":"task.stdout"}
{"timestamp":"2026-08-15T20:15:45.324116Z","level":"info","event":"==================================================","logger":"task.stdout"}
{"timestamp":"2026-08-15T20:15:45.324297Z","level":"info","event":"Processing: visit","logger":"task.stdout"}
{"timestamp":"2026-08-15T20:15:45.324484Z","level":"info","event":"==================================================","logger":"task.stdout"}
{"timestamp":"2026-08-15T20:15:45.324674Z","level":"info","event":"Calling: https://probable-xylophone-jj6gx774wq54hj54j-8000.app.github.dev/visits","logger":"task.stdout"}
{"timestamp":"2026-08-15T20:15:47.189483Z","level":"info","event":"Records received: 5","logger":"task.stdout"}
{"timestamp":"2026-08-15T20:15:47.228082Z","level":"info","event":"visit: 5 records written to data/temp/visit.csv","logger":"task.stdout"}
{"timestamp":"2026-08-15T20:15:47.228344Z","level":"info","event":"","logger":"task.stdout"}
{"timestamp":"2026-08-15T20:15:47.228517Z","level":"info","event":"==================================================","logger":"task.stdout"}
{"timestamp":"2026-08-15T20:15:47.228668Z","level":"info","event":"Processing: adverse_event","logger":"task.stdout"}
{"timestamp":"2026-08-15T20:15:47.228954Z","level":"info","event":"==================================================","logger":"task.stdout"}
{"timestamp":"2026-08-15T20:15:47.229181Z","level":"info","event":"Calling: https://probable-xylophone-jj6gx774wq54hj54j-8000.app.github.dev/adverse-events","logger":"task.stdout"}
{"timestamp":"2026-08-15T20:15:50.163843Z","level":"info","event":"Records received: 5","logger":"task.stdout"}
{"timestamp":"2026-08-15T20:15:50.168420Z","level":"info","event":"adverse_event: 5 records written to data/temp/adverse_event.csv","logger":"task.stdout"}
{"timestamp":"2026-08-15T20:15:50.168714Z","level":"info","event":"","logger":"task.stdout"}
{"timestamp":"2026-08-15T20:15:50.168926Z","level":"info","event":"==================================================","logger":"task.stdout"}
{"timestamp":"2026-08-15T20:15:50.169092Z","level":"info","event":"Processing: lab_result","logger":"task.stdout"}
{"timestamp":"2026-08-15T20:15:50.169270Z","level":"info","event":"==================================================","logger":"task.stdout"}
{"timestamp":"2026-08-15T20:15:50.169447Z","level":"info","event":"Calling: https://probable-xylophone-jj6gx774wq54hj54j-8000.app.github.dev/lab-results","logger":"task.stdout"}
{"timestamp":"2026-08-15T20:15:53.024849Z","level":"info","event":"Records received: 5","logger":"task.stdout"}
{"timestamp":"2026-08-15T20:15:53.044507Z","level":"info","event":"lab_result: 5 records written to data/temp/lab_result.csv","logger":"task.stdout"}
{"timestamp":"2026-08-15T20:15:53.046098Z","level":"info","event":"","logger":"task.stdout"}
{"timestamp":"2026-08-15T20:15:53.046296Z","level":"info","event":"==================================================","logger":"task.stdout"}
{"timestamp":"2026-08-15T20:15:53.046469Z","level":"info","event":"Processing: protocol_deviation","logger":"task.stdout"}
{"timestamp":"2026-08-15T20:15:53.046651Z","level":"info","event":"==================================================","logger":"task.stdout"}
{"timestamp":"2026-08-15T20:15:53.049899Z","level":"info","event":"Calling: https://probable-xylophone-jj6gx774wq54hj54j-8000.app.github.dev/protocol-deviations","logger":"task.stdout"}
{"timestamp":"2026-08-15T20:15:55.240875Z","level":"info","event":"Records received: 4","logger":"task.stdout"}
{"timestamp":"2026-08-15T20:15:55.244449Z","level":"info","event":"protocol_deviation: 4 records written to data/temp/protocol_deviation.csv","logger":"task.stdout"}
{"timestamp":"2026-08-15T20:15:55.244883Z","level":"info","event":"","logger":"task.stdout"}
{"timestamp":"2026-08-15T20:15:55.246235Z","level":"info","event":"==================================================","logger":"task.stdout"}
{"timestamp":"2026-08-15T20:15:55.246441Z","level":"info","event":"Processing: data_query","logger":"task.stdout"}
{"timestamp":"2026-08-15T20:15:55.246702Z","level":"info","event":"==================================================","logger":"task.stdout"}
{"timestamp":"2026-08-15T20:15:55.247022Z","level":"info","event":"Calling: https://probable-xylophone-jj6gx774wq54hj54j-8000.app.github.dev/data-queries","logger":"task.stdout"}
{"timestamp":"2026-08-15T20:15:56.711842Z","level":"info","event":"Records received: 4","logger":"task.stdout"}
{"timestamp":"2026-08-15T20:15:56.715129Z","level":"info","event":"data_query: 4 records written to data/temp/data_query.csv","logger":"task.stdout"}
{"timestamp":"2026-08-15T20:15:56.715357Z","level":"info","event":"Files created: 8","logger":"task.stdout"}
{"timestamp":"2026-08-15T20:15:56.715521Z","level":"info","event":"data/temp/study.csv","logger":"task.stdout"}
{"timestamp":"2026-08-15T20:15:56.715746Z","level":"info","event":"data/temp/site.csv","logger":"task.stdout"}
{"timestamp":"2026-08-15T20:15:56.715998Z","level":"info","event":"data/temp/subject.csv","logger":"task.stdout"}
{"timestamp":"2026-08-15T20:15:56.716193Z","level":"info","event":"data/temp/visit.csv","logger":"task.stdout"}
{"timestamp":"2026-08-15T20:15:56.716359Z","level":"info","event":"data/temp/adverse_event.csv","logger":"task.stdout"}
{"timestamp":"2026-08-15T20:15:56.716504Z","level":"info","event":"data/temp/lab_result.csv","logger":"task.stdout"}
{"timestamp":"2026-08-15T20:15:56.716636Z","level":"info","event":"data/temp/protocol_deviation.csv","logger":"task.stdout"}
{"timestamp":"2026-08-15T20:15:56.716798Z","level":"info","event":"data/temp/data_query.csv","logger":"task.stdout"}
{"timestamp":"2026-08-15T20:15:56.715209Z","level":"info","event":"Done. Returned value was: ['data/temp/study.csv', 'data/temp/site.csv', 'data/temp/subject.csv', 'data/temp/visit.csv', 'data/temp/adverse_event.csv', 'data/temp/lab_result.csv', 'data/temp/protocol_deviation.csv', 'data/temp/data_query.csv']","map_index":-1,"run_id":"manual__2026-08-15T20:15:35.359340+00:00","task_id":"extract_rave_to_csv","ti_id":"01a00710-c7e3-789b-ab6b-b4c64339e983","try_number":1,"dag_id":"act_rave_ingestion","logger":"airflow.task.operators.airflow.providers.standard.decorators.python._PythonDecoratedOperator","filename":"python.py","lineno":233}
{"timestamp":"2026-08-15T20:15:56.715446Z","level":"info","event":"::group::Post Execute","map_index":-1,"run_id":"manual__2026-08-15T20:15:35.359340+00:00","task_id":"extract_rave_to_csv","ti_id":"01a00710-c7e3-789b-ab6b-b4c64339e983","try_number":1,"dag_id":"act_rave_ingestion","logger":"task","filename":"task_runner.py","lineno":1577}
{"timestamp":"2026-08-15T20:15:56.715686Z","level":"info","event":"Pushing xcom","ti":"RuntimeTaskInstance(id=UUID('01a00710-c7e3-789b-ab6b-b4c64339e983'), task_id='extract_rave_to_csv', dag_id='act_rave_ingestion', run_id='manual__2026-08-15T20:15:35.359340+00:00', try_number=1, dag_version_id=UUID('01a006fc-b5af-70e2-8c41-0e2b4ccb5214'), map_index=-1, hostname='codespaces-b6dc20', context_carrier={'traceparent': '00-2d7dfcf1fc938ac1034d54f9132d3a1f-4dd1ef2b1dba431e-00'}, queue='default', task=<Task(_PythonDecoratedOperator): extract_rave_to_csv>, bundle_instance=LocalDagBundle(name=dags-folder), max_tries=2, start_date=datetime.datetime(2026, 8, 15, 20, 15, 36, 635951, tzinfo=datetime.timezone.utc), end_date=None, state=<TaskInstanceState.RUNNING: 'running'>, is_mapped=False, rendered_map_index=None, sentry_integration='')","map_index":-1,"run_id":"manual__2026-08-15T20:15:35.359340+00:00","task_id":"extract_rave_to_csv","ti_id":"01a00710-c7e3-789b-ab6b-b4c64339e983","try_number":1,"dag_id":"act_rave_ingestion","logger":"task","filename":"task_runner.py","lineno":2171}
{"timestamp":"2026-08-15T20:15:56.743704Z","level":"info","event":"Task instance in success state","logger":"task.stdout"}
{"timestamp":"2026-08-15T20:15:56.743962Z","level":"info","event":" Previous state of the Task instance: TaskInstanceState.RUNNING","logger":"task.stdout"}
{"timestamp":"2026-08-15T20:15:56.744171Z","level":"info","event":"Task operator:<Task(_PythonDecoratedOperator): extract_rave_to_csv>","logger":"task.stdout"}
{"timestamp":"2026-08-15T20:15:56.743959Z","level":"info","event":"::endgroup::","map_index":-1,"run_id":"manual__2026-08-15T20:15:35.359340+00:00","task_id":"extract_rave_to_csv","ti_id":"01a00710-c7e3-789b-ab6b-b4c64339e983","try_number":1,"dag_id":"act_rave_ingestion","logger":"task","filename":"task_runner.py","lineno":2270}
