{"timestamp":"2026-08-15T21:07:13.638470Z","level":"info","event":"::group::Pre Execute","logger":"task","filename":"task_runner.py","lineno":2303}
{"timestamp":"2026-08-15T21:07:13.700162Z","level":"info","event":"DAG bundles loaded: dags-folder, example_dags, apache-airflow-providers-common-sql-example-dags, apache-airflow-providers-standard-example-dags","run_id":"manual__2026-08-15T21:04:23.465681+00:00","map_index":-1,"dag_id":"act_rave_ingestion","try_number":1,"task_id":"extract_rave_data_to_s3","ti_id":"01a00740-0c8b-761e-8d86-68e719308086","logger":"airflow.dag_processing.bundles.manager.DagBundlesManager","filename":"manager.py","lineno":271}
{"timestamp":"2026-08-15T21:07:13.704232Z","level":"info","event":"Filling up the DagBag from /workspaces/act-data-platform/dags/act_pipeline_dag.py","run_id":"manual__2026-08-15T21:04:23.465681+00:00","map_index":-1,"dag_id":"act_rave_ingestion","try_number":1,"task_id":"extract_rave_data_to_s3","ti_id":"01a00740-0c8b-761e-8d86-68e719308086","logger":"airflow.dag_processing.dagbag.BundleDagBag","filename":"dagbag.py","lineno":460}
{"timestamp":"2026-08-15T21:07:14.107746Z","level":"info","event":"Worker startup parse complete","bundle_name":"dags-folder","bundle_version":null,"dag_file":"act_pipeline_dag.py","dag_id":"act_rave_ingestion","bundle_prepare_ms":6,"dag_file_parse_ms":405,"run_id":"manual__2026-08-15T21:04:23.465681+00:00","map_index":-1,"try_number":1,"task_id":"extract_rave_data_to_s3","ti_id":"01a00740-0c8b-761e-8d86-68e719308086","logger":"task","filename":"task_runner.py","lineno":1062}
{"timestamp":"2026-08-15T21:07:14.152966Z","level":"info","event":"Task instance is in running state","logger":"task.stdout"}
{"timestamp":"2026-08-15T21:07:14.153410Z","level":"info","event":" Previous state of the Task instance: TaskInstanceState.QUEUED","logger":"task.stdout"}
{"timestamp":"2026-08-15T21:07:14.154072Z","level":"info","event":"Current task name:extract_rave_data_to_s3","logger":"task.stdout"}
{"timestamp":"2026-08-15T21:07:14.154846Z","level":"info","event":"Dag name:act_rave_ingestion","logger":"task.stdout"}
{"timestamp":"2026-08-15T21:07:14.152466Z","level":"info","event":"::endgroup::","run_id":"manual__2026-08-15T21:04:23.465681+00:00","map_index":-1,"dag_id":"act_rave_ingestion","try_number":1,"task_id":"extract_rave_data_to_s3","ti_id":"01a00740-0c8b-761e-8d86-68e719308086","logger":"task","filename":"task_runner.py","lineno":2107}
{"timestamp":"2026-08-15T21:07:15.204285Z","level":"info","event":"============================================================","logger":"task.stdout"}
{"timestamp":"2026-08-15T21:07:15.204790Z","level":"info","event":"ACT RAVE INGESTION STARTED","logger":"task.stdout"}
{"timestamp":"2026-08-15T21:07:15.205052Z","level":"info","event":"============================================================","logger":"task.stdout"}
{"timestamp":"2026-08-15T21:07:15.205291Z","level":"info","event":"","logger":"task.stdout"}
{"timestamp":"2026-08-15T21:07:15.207618Z","level":"info","event":"Processing: study","logger":"task.stdout"}
{"timestamp":"2026-08-15T21:07:15.207851Z","level":"info","event":"Calling: https://probable-xylophone-jj6gx774wq54hj54j-8000.app.github.dev/studies","logger":"task.stdout"}
{"timestamp":"2026-08-15T21:07:20.504860Z","level":"info","event":"Records received: 1","logger":"task.stdout"}
{"timestamp":"2026-08-15T21:07:20.505161Z","level":"info","event":"Records received: 1","logger":"task.stdout"}
{"timestamp":"2026-08-15T21:07:20.523780Z","level":"info","event":"Found credentials in environment variables.","logger":"botocore.credentials","run_id":"manual__2026-08-15T21:04:23.465681+00:00","map_index":-1,"dag_id":"act_rave_ingestion","try_number":1,"task_id":"extract_rave_data_to_s3","ti_id":"01a00740-0c8b-761e-8d86-68e719308086","filename":"credentials.py","lineno":1252}
{"timestamp":"2026-08-15T21:07:21.490354Z","level":"info","event":"1 records uploaded to s3://act-clinical-data-dev/act/raw/study/study.csv","logger":"task.stdout"}
{"timestamp":"2026-08-15T21:07:21.491647Z","level":"info","event":"","logger":"task.stdout"}
{"timestamp":"2026-08-15T21:07:21.491887Z","level":"info","event":"Processing: site","logger":"task.stdout"}
{"timestamp":"2026-08-15T21:07:21.492049Z","level":"info","event":"Calling: https://probable-xylophone-jj6gx774wq54hj54j-8000.app.github.dev/sites","logger":"task.stdout"}
{"timestamp":"2026-08-15T21:07:26.171709Z","level":"info","event":"Records received: 5","logger":"task.stdout"}
{"timestamp":"2026-08-15T21:07:26.173825Z","level":"info","event":"Records received: 5","logger":"task.stdout"}
{"timestamp":"2026-08-15T21:07:27.125688Z","level":"info","event":"5 records uploaded to s3://act-clinical-data-dev/act/raw/site/site.csv","logger":"task.stdout"}
{"timestamp":"2026-08-15T21:07:27.127067Z","level":"info","event":"","logger":"task.stdout"}
{"timestamp":"2026-08-15T21:07:27.127353Z","level":"info","event":"Processing: subject","logger":"task.stdout"}
{"timestamp":"2026-08-15T21:07:27.127659Z","level":"info","event":"Calling: https://probable-xylophone-jj6gx774wq54hj54j-8000.app.github.dev/subjects","logger":"task.stdout"}
{"timestamp":"2026-08-15T21:07:31.551662Z","level":"info","event":"Records received: 5","logger":"task.stdout"}
{"timestamp":"2026-08-15T21:07:31.580651Z","level":"info","event":"Records received: 5","logger":"task.stdout"}
{"timestamp":"2026-08-15T21:07:32.503855Z","level":"info","event":"5 records uploaded to s3://act-clinical-data-dev/act/raw/subject/subject.csv","logger":"task.stdout"}
{"timestamp":"2026-08-15T21:07:32.505594Z","level":"info","event":"","logger":"task.stdout"}
{"timestamp":"2026-08-15T21:07:32.506856Z","level":"info","event":"Processing: visit","logger":"task.stdout"}
{"timestamp":"2026-08-15T21:07:32.507040Z","level":"info","event":"Calling: https://probable-xylophone-jj6gx774wq54hj54j-8000.app.github.dev/visits","logger":"task.stdout"}
{"timestamp":"2026-08-15T21:07:34.184107Z","level":"info","event":"Records received: 5","logger":"task.stdout"}
{"timestamp":"2026-08-15T21:07:34.194958Z","level":"info","event":"Records received: 5","logger":"task.stdout"}
{"timestamp":"2026-08-15T21:07:35.132530Z","level":"info","event":"5 records uploaded to s3://act-clinical-data-dev/act/raw/visit/visit.csv","logger":"task.stdout"}
{"timestamp":"2026-08-15T21:07:35.134767Z","level":"info","event":"","logger":"task.stdout"}
{"timestamp":"2026-08-15T21:07:35.135598Z","level":"info","event":"Processing: adverse_event","logger":"task.stdout"}
{"timestamp":"2026-08-15T21:07:35.136197Z","level":"info","event":"Calling: https://probable-xylophone-jj6gx774wq54hj54j-8000.app.github.dev/adverse-events","logger":"task.stdout"}
{"timestamp":"2026-08-15T21:07:41.512847Z","level":"info","event":"Records received: 5","logger":"task.stdout"}
{"timestamp":"2026-08-15T21:07:41.513694Z","level":"info","event":"Records received: 5","logger":"task.stdout"}
{"timestamp":"2026-08-15T21:07:42.349905Z","level":"info","event":"5 records uploaded to s3://act-clinical-data-dev/act/raw/adverse_event/adverse_event.csv","logger":"task.stdout"}
{"timestamp":"2026-08-15T21:07:42.351450Z","level":"info","event":"","logger":"task.stdout"}
{"timestamp":"2026-08-15T21:07:42.351722Z","level":"info","event":"Processing: lab_result","logger":"task.stdout"}
{"timestamp":"2026-08-15T21:07:42.351996Z","level":"info","event":"Calling: https://probable-xylophone-jj6gx774wq54hj54j-8000.app.github.dev/lab-results","logger":"task.stdout"}
{"timestamp":"2026-08-15T21:07:46.987951Z","level":"info","event":"Records received: 5","logger":"task.stdout"}
{"timestamp":"2026-08-15T21:07:47.003065Z","level":"info","event":"Records received: 5","logger":"task.stdout"}
{"timestamp":"2026-08-15T21:07:47.869825Z","level":"info","event":"5 records uploaded to s3://act-clinical-data-dev/act/raw/lab_result/lab_result.csv","logger":"task.stdout"}
{"timestamp":"2026-08-15T21:07:47.871185Z","level":"info","event":"","logger":"task.stdout"}
{"timestamp":"2026-08-15T21:07:47.871456Z","level":"info","event":"Processing: protocol_deviation","logger":"task.stdout"}
{"timestamp":"2026-08-15T21:07:47.871702Z","level":"info","event":"Calling: https://probable-xylophone-jj6gx774wq54hj54j-8000.app.github.dev/protocol-deviations","logger":"task.stdout"}
{"timestamp":"2026-08-15T21:07:52.439392Z","level":"info","event":"Records received: 4","logger":"task.stdout"}
{"timestamp":"2026-08-15T21:07:52.453777Z","level":"info","event":"Records received: 4","logger":"task.stdout"}
{"timestamp":"2026-08-15T21:07:53.306860Z","level":"info","event":"4 records uploaded to s3://act-clinical-data-dev/act/raw/protocol_deviation/protocol_deviation.csv","logger":"task.stdout"}
{"timestamp":"2026-08-15T21:07:53.308193Z","level":"info","event":"","logger":"task.stdout"}
{"timestamp":"2026-08-15T21:07:53.308498Z","level":"info","event":"Processing: data_query","logger":"task.stdout"}
{"timestamp":"2026-08-15T21:07:53.309855Z","level":"info","event":"Calling: https://probable-xylophone-jj6gx774wq54hj54j-8000.app.github.dev/data-queries","logger":"task.stdout"}
{"timestamp":"2026-08-15T21:07:54.839768Z","level":"info","event":"Records received: 4","logger":"task.stdout"}
{"timestamp":"2026-08-15T21:07:54.840957Z","level":"info","event":"Records received: 4","logger":"task.stdout"}
{"timestamp":"2026-08-15T21:07:55.673929Z","level":"info","event":"4 records uploaded to s3://act-clinical-data-dev/act/raw/data_query/data_query.csv","logger":"task.stdout"}
{"timestamp":"2026-08-15T21:07:55.675919Z","level":"info","event":"","logger":"task.stdout"}
{"timestamp":"2026-08-15T21:07:55.676881Z","level":"info","event":"============================================================","logger":"task.stdout"}
{"timestamp":"2026-08-15T21:07:55.677132Z","level":"info","event":"S3 UPLOAD SUMMARY","logger":"task.stdout"}
{"timestamp":"2026-08-15T21:07:55.677381Z","level":"info","event":"============================================================","logger":"task.stdout"}
{"timestamp":"2026-08-15T21:07:55.678561Z","level":"info","event":"SUCCESS: s3://act-clinical-data-dev/act/raw/study/study.csv","logger":"task.stdout"}
{"timestamp":"2026-08-15T21:07:55.678848Z","level":"info","event":"SUCCESS: s3://act-clinical-data-dev/act/raw/site/site.csv","logger":"task.stdout"}
{"timestamp":"2026-08-15T21:07:55.679100Z","level":"info","event":"SUCCESS: s3://act-clinical-data-dev/act/raw/subject/subject.csv","logger":"task.stdout"}
{"timestamp":"2026-08-15T21:07:55.679333Z","level":"info","event":"SUCCESS: s3://act-clinical-data-dev/act/raw/visit/visit.csv","logger":"task.stdout"}
{"timestamp":"2026-08-15T21:07:55.679571Z","level":"info","event":"SUCCESS: s3://act-clinical-data-dev/act/raw/adverse_event/adverse_event.csv","logger":"task.stdout"}
{"timestamp":"2026-08-15T21:07:55.679834Z","level":"info","event":"SUCCESS: s3://act-clinical-data-dev/act/raw/lab_result/lab_result.csv","logger":"task.stdout"}
{"timestamp":"2026-08-15T21:07:55.680104Z","level":"info","event":"SUCCESS: s3://act-clinical-data-dev/act/raw/protocol_deviation/protocol_deviation.csv","logger":"task.stdout"}
{"timestamp":"2026-08-15T21:07:55.680339Z","level":"info","event":"SUCCESS: s3://act-clinical-data-dev/act/raw/data_query/data_query.csv","logger":"task.stdout"}
{"timestamp":"2026-08-15T21:07:55.680569Z","level":"info","event":"","logger":"task.stdout"}
{"timestamp":"2026-08-15T21:07:55.680822Z","level":"info","event":"Total datasets uploaded: 8","logger":"task.stdout"}
{"timestamp":"2026-08-15T21:07:55.681079Z","level":"info","event":"============================================================","logger":"task.stdout"}
{"timestamp":"2026-08-15T21:07:55.681325Z","level":"info","event":"ACT RAVE INGESTION COMPLETED SUCCESSFULLY","logger":"task.stdout"}
{"timestamp":"2026-08-15T21:07:55.681565Z","level":"info","event":"============================================================","logger":"task.stdout"}
{"timestamp":"2026-08-15T21:07:55.676329Z","level":"info","event":"Done. Returned value was: ['s3://act-clinical-data-dev/act/raw/study/study.csv', 's3://act-clinical-data-dev/act/raw/site/site.csv', 's3://act-clinical-data-dev/act/raw/subject/subject.csv', 's3://act-clinical-data-dev/act/raw/visit/visit.csv', 's3://act-clinical-data-dev/act/raw/adverse_event/adverse_event.csv', 's3://act-clinical-data-dev/act/raw/lab_result/lab_result.csv', 's3://act-clinical-data-dev/act/raw/protocol_deviation/protocol_deviation.csv', 's3://act-clinical-data-dev/act/raw/data_query/data_query.csv']","run_id":"manual__2026-08-15T21:04:23.465681+00:00","map_index":-1,"dag_id":"act_rave_ingestion","try_number":1,"task_id":"extract_rave_data_to_s3","ti_id":"01a00740-0c8b-761e-8d86-68e719308086","logger":"airflow.task.operators.airflow.providers.standard.decorators.python._PythonDecoratedOperator","filename":"python.py","lineno":233}
{"timestamp":"2026-08-15T21:07:55.677640Z","level":"info","event":"::group::Post Execute","run_id":"manual__2026-08-15T21:04:23.465681+00:00","map_index":-1,"dag_id":"act_rave_ingestion","try_number":1,"task_id":"extract_rave_data_to_s3","ti_id":"01a00740-0c8b-761e-8d86-68e719308086","logger":"task","filename":"task_runner.py","lineno":1577}
{"timestamp":"2026-08-15T21:07:55.677886Z","level":"info","event":"Pushing xcom","ti":"RuntimeTaskInstance(id=UUID('01a00740-0c8b-761e-8d86-68e719308086'), task_id='extract_rave_data_to_s3', dag_id='act_rave_ingestion', run_id='manual__2026-08-15T21:04:23.465681+00:00', try_number=1, dag_version_id=UUID('01a00740-0a47-7d84-99b2-379cc5aa7f59'), map_index=-1, hostname='codespaces-b6dc20', context_carrier={'traceparent': '00-87b8c6be7e40e8594b5de96384d046a8-56cd7f76b753614a-00'}, queue='default', task=<Task(_PythonDecoratedOperator): extract_rave_data_to_s3>, bundle_instance=LocalDagBundle(name=dags-folder), max_tries=2, start_date=datetime.datetime(2026, 8, 15, 21, 7, 13, 669601, tzinfo=datetime.timezone.utc), end_date=None, state=<TaskInstanceState.RUNNING: 'running'>, is_mapped=False, rendered_map_index=None, sentry_integration='')","run_id":"manual__2026-08-15T21:04:23.465681+00:00","map_index":-1,"dag_id":"act_rave_ingestion","try_number":1,"task_id":"extract_rave_data_to_s3","ti_id":"01a00740-0c8b-761e-8d86-68e719308086","logger":"task","filename":"task_runner.py","lineno":2171}
{"timestamp":"2026-08-15T21:07:55.738890Z","level":"info","event":"Task instance in success state","logger":"task.stdout"}
{"timestamp":"2026-08-15T21:07:55.739216Z","level":"info","event":" Previous state of the Task instance: TaskInstanceState.RUNNING","logger":"task.stdout"}
{"timestamp":"2026-08-15T21:07:55.739470Z","level":"info","event":"Task operator:<Task(_PythonDecoratedOperator): extract_rave_data_to_s3>","logger":"task.stdout"}
{"timestamp":"2026-08-15T21:07:55.738967Z","level":"info","event":"::endgroup::","run_id":"manual__2026-08-15T21:04:23.465681+00:00","map_index":-1,"dag_id":"act_rave_ingestion","try_number":1,"task_id":"extract_rave_data_to_s3","ti_id":"01a00740-0c8b-761e-8d86-68e719308086","logger":"task","filename":"task_runner.py","lineno":2270}
