{"timestamp":"2026-08-15T21:08:27.324495Z","level":"info","event":"::group::Pre Execute","logger":"task","filename":"task_runner.py","lineno":2303}
{"timestamp":"2026-08-15T21:08:27.389138Z","level":"info","event":"DAG bundles loaded: dags-folder, example_dags, apache-airflow-providers-common-sql-example-dags, apache-airflow-providers-standard-example-dags","run_id":"manual__2026-08-15T21:08:25.612259+00:00","ti_id":"01a00741-27f0-7ae8-b800-d6946f95a98c","dag_id":"act_rave_ingestion","task_id":"extract_rave_data_to_s3","try_number":1,"map_index":-1,"logger":"airflow.dag_processing.bundles.manager.DagBundlesManager","filename":"manager.py","lineno":271}
{"timestamp":"2026-08-15T21:08:27.389984Z","level":"info","event":"Filling up the DagBag from /workspaces/act-data-platform/dags/act_pipeline_dag.py","run_id":"manual__2026-08-15T21:08:25.612259+00:00","ti_id":"01a00741-27f0-7ae8-b800-d6946f95a98c","dag_id":"act_rave_ingestion","task_id":"extract_rave_data_to_s3","try_number":1,"map_index":-1,"logger":"airflow.dag_processing.dagbag.BundleDagBag","filename":"dagbag.py","lineno":460}
{"timestamp":"2026-08-15T21:08:27.533475Z","level":"info","event":"Worker startup parse complete","bundle_name":"dags-folder","bundle_version":null,"dag_file":"act_pipeline_dag.py","dag_id":"act_rave_ingestion","bundle_prepare_ms":4,"dag_file_parse_ms":143,"run_id":"manual__2026-08-15T21:08:25.612259+00:00","ti_id":"01a00741-27f0-7ae8-b800-d6946f95a98c","task_id":"extract_rave_data_to_s3","try_number":1,"map_index":-1,"logger":"task","filename":"task_runner.py","lineno":1062}
{"timestamp":"2026-08-15T21:08:27.596823Z","level":"info","event":"Task instance is in running state","logger":"task.stdout"}
{"timestamp":"2026-08-15T21:08:27.597942Z","level":"info","event":" Previous state of the Task instance: TaskInstanceState.QUEUED","logger":"task.stdout"}
{"timestamp":"2026-08-15T21:08:27.598153Z","level":"info","event":"Current task name:extract_rave_data_to_s3","logger":"task.stdout"}
{"timestamp":"2026-08-15T21:08:27.598363Z","level":"info","event":"Dag name:act_rave_ingestion","logger":"task.stdout"}
{"timestamp":"2026-08-15T21:08:27.595853Z","level":"info","event":"::endgroup::","run_id":"manual__2026-08-15T21:08:25.612259+00:00","ti_id":"01a00741-27f0-7ae8-b800-d6946f95a98c","dag_id":"act_rave_ingestion","task_id":"extract_rave_data_to_s3","try_number":1,"map_index":-1,"logger":"task","filename":"task_runner.py","lineno":2107}
{"timestamp":"2026-08-15T21:08:28.981176Z","level":"info","event":"============================================================","logger":"task.stdout"}
{"timestamp":"2026-08-15T21:08:28.981501Z","level":"info","event":"ACT RAVE INGESTION STARTED","logger":"task.stdout"}
{"timestamp":"2026-08-15T21:08:28.981898Z","level":"info","event":"============================================================","logger":"task.stdout"}
{"timestamp":"2026-08-15T21:08:28.982086Z","level":"info","event":"","logger":"task.stdout"}
{"timestamp":"2026-08-15T21:08:28.982241Z","level":"info","event":"Processing: study","logger":"task.stdout"}
{"timestamp":"2026-08-15T21:08:28.982388Z","level":"info","event":"Calling: https://probable-xylophone-jj6gx774wq54hj54j-8000.app.github.dev/studies","logger":"task.stdout"}
{"timestamp":"2026-08-15T21:08:33.455151Z","level":"info","event":"Records received: 1","logger":"task.stdout"}
{"timestamp":"2026-08-15T21:08:33.467307Z","level":"info","event":"Records received: 1","logger":"task.stdout"}
{"timestamp":"2026-08-15T21:08:33.475628Z","level":"info","event":"Found credentials in environment variables.","logger":"botocore.credentials","run_id":"manual__2026-08-15T21:08:25.612259+00:00","ti_id":"01a00741-27f0-7ae8-b800-d6946f95a98c","dag_id":"act_rave_ingestion","task_id":"extract_rave_data_to_s3","try_number":1,"map_index":-1,"filename":"credentials.py","lineno":1252}
{"timestamp":"2026-08-15T21:08:34.486229Z","level":"info","event":"1 records uploaded to s3://act-clinical-data-dev/act/raw/study/study.csv","logger":"task.stdout"}
{"timestamp":"2026-08-15T21:08:34.487514Z","level":"info","event":"","logger":"task.stdout"}
{"timestamp":"2026-08-15T21:08:34.487706Z","level":"info","event":"Processing: site","logger":"task.stdout"}
{"timestamp":"2026-08-15T21:08:34.487883Z","level":"info","event":"Calling: https://probable-xylophone-jj6gx774wq54hj54j-8000.app.github.dev/sites","logger":"task.stdout"}
{"timestamp":"2026-08-15T21:08:36.094024Z","level":"info","event":"Records received: 5","logger":"task.stdout"}
{"timestamp":"2026-08-15T21:08:36.095822Z","level":"info","event":"Records received: 5","logger":"task.stdout"}
{"timestamp":"2026-08-15T21:08:36.962083Z","level":"info","event":"5 records uploaded to s3://act-clinical-data-dev/act/raw/site/site.csv","logger":"task.stdout"}
{"timestamp":"2026-08-15T21:08:36.963379Z","level":"info","event":"","logger":"task.stdout"}
{"timestamp":"2026-08-15T21:08:36.963578Z","level":"info","event":"Processing: subject","logger":"task.stdout"}
{"timestamp":"2026-08-15T21:08:36.963731Z","level":"info","event":"Calling: https://probable-xylophone-jj6gx774wq54hj54j-8000.app.github.dev/subjects","logger":"task.stdout"}
{"timestamp":"2026-08-15T21:08:38.775928Z","level":"info","event":"Records received: 5","logger":"task.stdout"}
{"timestamp":"2026-08-15T21:08:38.791922Z","level":"info","event":"Records received: 5","logger":"task.stdout"}
{"timestamp":"2026-08-15T21:08:39.656674Z","level":"info","event":"5 records uploaded to s3://act-clinical-data-dev/act/raw/subject/subject.csv","logger":"task.stdout"}
{"timestamp":"2026-08-15T21:08:39.657978Z","level":"info","event":"","logger":"task.stdout"}
{"timestamp":"2026-08-15T21:08:39.658162Z","level":"info","event":"Processing: visit","logger":"task.stdout"}
{"timestamp":"2026-08-15T21:08:39.658314Z","level":"info","event":"Calling: https://probable-xylophone-jj6gx774wq54hj54j-8000.app.github.dev/visits","logger":"task.stdout"}
{"timestamp":"2026-08-15T21:08:44.092257Z","level":"info","event":"Records received: 5","logger":"task.stdout"}
{"timestamp":"2026-08-15T21:08:44.122689Z","level":"info","event":"Records received: 5","logger":"task.stdout"}
{"timestamp":"2026-08-15T21:08:44.977066Z","level":"info","event":"5 records uploaded to s3://act-clinical-data-dev/act/raw/visit/visit.csv","logger":"task.stdout"}
{"timestamp":"2026-08-15T21:08:44.978398Z","level":"info","event":"","logger":"task.stdout"}
{"timestamp":"2026-08-15T21:08:44.978601Z","level":"info","event":"Processing: adverse_event","logger":"task.stdout"}
{"timestamp":"2026-08-15T21:08:44.978781Z","level":"info","event":"Calling: https://probable-xylophone-jj6gx774wq54hj54j-8000.app.github.dev/adverse-events","logger":"task.stdout"}
{"timestamp":"2026-08-15T21:08:49.355365Z","level":"info","event":"Records received: 5","logger":"task.stdout"}
{"timestamp":"2026-08-15T21:08:49.408169Z","level":"info","event":"Records received: 5","logger":"task.stdout"}
{"timestamp":"2026-08-15T21:08:50.200005Z","level":"info","event":"5 records uploaded to s3://act-clinical-data-dev/act/raw/adverse_event/adverse_event.csv","logger":"task.stdout"}
{"timestamp":"2026-08-15T21:08:50.203279Z","level":"info","event":"","logger":"task.stdout"}
{"timestamp":"2026-08-15T21:08:50.203506Z","level":"info","event":"Processing: lab_result","logger":"task.stdout"}
{"timestamp":"2026-08-15T21:08:50.203678Z","level":"info","event":"Calling: https://probable-xylophone-jj6gx774wq54hj54j-8000.app.github.dev/lab-results","logger":"task.stdout"}
{"timestamp":"2026-08-15T21:08:52.311867Z","level":"info","event":"Records received: 5","logger":"task.stdout"}
{"timestamp":"2026-08-15T21:08:52.313001Z","level":"info","event":"Records received: 5","logger":"task.stdout"}
{"timestamp":"2026-08-15T21:08:53.132853Z","level":"info","event":"5 records uploaded to s3://act-clinical-data-dev/act/raw/lab_result/lab_result.csv","logger":"task.stdout"}
{"timestamp":"2026-08-15T21:08:53.134822Z","level":"info","event":"","logger":"task.stdout"}
{"timestamp":"2026-08-15T21:08:53.136593Z","level":"info","event":"Processing: protocol_deviation","logger":"task.stdout"}
{"timestamp":"2026-08-15T21:08:53.136873Z","level":"info","event":"Calling: https://probable-xylophone-jj6gx774wq54hj54j-8000.app.github.dev/protocol-deviations","logger":"task.stdout"}
{"timestamp":"2026-08-15T21:08:56.918053Z","level":"info","event":"Records received: 4","logger":"task.stdout"}
{"timestamp":"2026-08-15T21:08:56.932324Z","level":"info","event":"Records received: 4","logger":"task.stdout"}
{"timestamp":"2026-08-15T21:08:57.765346Z","level":"info","event":"4 records uploaded to s3://act-clinical-data-dev/act/raw/protocol_deviation/protocol_deviation.csv","logger":"task.stdout"}
{"timestamp":"2026-08-15T21:08:57.766675Z","level":"info","event":"","logger":"task.stdout"}
{"timestamp":"2026-08-15T21:08:57.766957Z","level":"info","event":"Processing: data_query","logger":"task.stdout"}
{"timestamp":"2026-08-15T21:08:57.767149Z","level":"info","event":"Calling: https://probable-xylophone-jj6gx774wq54hj54j-8000.app.github.dev/data-queries","logger":"task.stdout"}
{"timestamp":"2026-08-15T21:08:59.368163Z","level":"info","event":"Records received: 4","logger":"task.stdout"}
{"timestamp":"2026-08-15T21:08:59.369449Z","level":"info","event":"Records received: 4","logger":"task.stdout"}
{"timestamp":"2026-08-15T21:09:00.228858Z","level":"info","event":"4 records uploaded to s3://act-clinical-data-dev/act/raw/data_query/data_query.csv","logger":"task.stdout"}
{"timestamp":"2026-08-15T21:09:00.230787Z","level":"info","event":"","logger":"task.stdout"}
{"timestamp":"2026-08-15T21:09:00.231101Z","level":"info","event":"============================================================","logger":"task.stdout"}
{"timestamp":"2026-08-15T21:09:00.231876Z","level":"info","event":"S3 UPLOAD SUMMARY","logger":"task.stdout"}
{"timestamp":"2026-08-15T21:09:00.232111Z","level":"info","event":"============================================================","logger":"task.stdout"}
{"timestamp":"2026-08-15T21:09:00.233379Z","level":"info","event":"SUCCESS: s3://act-clinical-data-dev/act/raw/study/study.csv","logger":"task.stdout"}
{"timestamp":"2026-08-15T21:09:00.233575Z","level":"info","event":"SUCCESS: s3://act-clinical-data-dev/act/raw/site/site.csv","logger":"task.stdout"}
{"timestamp":"2026-08-15T21:09:00.233732Z","level":"info","event":"SUCCESS: s3://act-clinical-data-dev/act/raw/subject/subject.csv","logger":"task.stdout"}
{"timestamp":"2026-08-15T21:09:00.233927Z","level":"info","event":"SUCCESS: s3://act-clinical-data-dev/act/raw/visit/visit.csv","logger":"task.stdout"}
{"timestamp":"2026-08-15T21:09:00.234128Z","level":"info","event":"SUCCESS: s3://act-clinical-data-dev/act/raw/adverse_event/adverse_event.csv","logger":"task.stdout"}
{"timestamp":"2026-08-15T21:09:00.234310Z","level":"info","event":"SUCCESS: s3://act-clinical-data-dev/act/raw/lab_result/lab_result.csv","logger":"task.stdout"}
{"timestamp":"2026-08-15T21:09:00.234574Z","level":"info","event":"SUCCESS: s3://act-clinical-data-dev/act/raw/protocol_deviation/protocol_deviation.csv","logger":"task.stdout"}
{"timestamp":"2026-08-15T21:09:00.234890Z","level":"info","event":"SUCCESS: s3://act-clinical-data-dev/act/raw/data_query/data_query.csv","logger":"task.stdout"}
{"timestamp":"2026-08-15T21:09:00.235094Z","level":"info","event":"","logger":"task.stdout"}
{"timestamp":"2026-08-15T21:09:00.235285Z","level":"info","event":"Total datasets uploaded: 8","logger":"task.stdout"}
{"timestamp":"2026-08-15T21:09:00.235480Z","level":"info","event":"============================================================","logger":"task.stdout"}
{"timestamp":"2026-08-15T21:09:00.235676Z","level":"info","event":"ACT RAVE INGESTION COMPLETED SUCCESSFULLY","logger":"task.stdout"}
{"timestamp":"2026-08-15T21:09:00.235913Z","level":"info","event":"============================================================","logger":"task.stdout"}
{"timestamp":"2026-08-15T21:09:00.231502Z","level":"info","event":"Done. Returned value was: ['s3://act-clinical-data-dev/act/raw/study/study.csv', 's3://act-clinical-data-dev/act/raw/site/site.csv', 's3://act-clinical-data-dev/act/raw/subject/subject.csv', 's3://act-clinical-data-dev/act/raw/visit/visit.csv', 's3://act-clinical-data-dev/act/raw/adverse_event/adverse_event.csv', 's3://act-clinical-data-dev/act/raw/lab_result/lab_result.csv', 's3://act-clinical-data-dev/act/raw/protocol_deviation/protocol_deviation.csv', 's3://act-clinical-data-dev/act/raw/data_query/data_query.csv']","run_id":"manual__2026-08-15T21:08:25.612259+00:00","ti_id":"01a00741-27f0-7ae8-b800-d6946f95a98c","dag_id":"act_rave_ingestion","task_id":"extract_rave_data_to_s3","try_number":1,"map_index":-1,"logger":"airflow.task.operators.airflow.providers.standard.decorators.python._PythonDecoratedOperator","filename":"python.py","lineno":233}
{"timestamp":"2026-08-15T21:09:00.232643Z","level":"info","event":"::group::Post Execute","run_id":"manual__2026-08-15T21:08:25.612259+00:00","ti_id":"01a00741-27f0-7ae8-b800-d6946f95a98c","dag_id":"act_rave_ingestion","task_id":"extract_rave_data_to_s3","try_number":1,"map_index":-1,"logger":"task","filename":"task_runner.py","lineno":1577}
{"timestamp":"2026-08-15T21:09:00.232890Z","level":"info","event":"Pushing xcom","ti":"RuntimeTaskInstance(id=UUID('01a00741-27f0-7ae8-b800-d6946f95a98c'), task_id='extract_rave_data_to_s3', dag_id='act_rave_ingestion', run_id='manual__2026-08-15T21:08:25.612259+00:00', try_number=1, dag_version_id=UUID('01a00740-0a47-7d84-99b2-379cc5aa7f59'), map_index=-1, hostname='codespaces-b6dc20', context_carrier={'traceparent': '00-e334b15cd0f45dc48f1085c30ff4126c-e9dd22f90fdea604-00'}, queue='default', task=<Task(_PythonDecoratedOperator): extract_rave_data_to_s3>, bundle_instance=LocalDagBundle(name=dags-folder), max_tries=2, start_date=datetime.datetime(2026, 8, 15, 21, 8, 27, 363273, tzinfo=datetime.timezone.utc), end_date=None, state=<TaskInstanceState.RUNNING: 'running'>, is_mapped=False, rendered_map_index=None, sentry_integration='')","run_id":"manual__2026-08-15T21:08:25.612259+00:00","ti_id":"01a00741-27f0-7ae8-b800-d6946f95a98c","dag_id":"act_rave_ingestion","task_id":"extract_rave_data_to_s3","try_number":1,"map_index":-1,"logger":"task","filename":"task_runner.py","lineno":2171}
{"timestamp":"2026-08-15T21:09:00.274874Z","level":"info","event":"Task instance in success state","logger":"task.stdout"}
{"timestamp":"2026-08-15T21:09:00.275151Z","level":"info","event":" Previous state of the Task instance: TaskInstanceState.RUNNING","logger":"task.stdout"}
{"timestamp":"2026-08-15T21:09:00.275360Z","level":"info","event":"Task operator:<Task(_PythonDecoratedOperator): extract_rave_data_to_s3>","logger":"task.stdout"}
{"timestamp":"2026-08-15T21:09:00.272793Z","level":"info","event":"::endgroup::","run_id":"manual__2026-08-15T21:08:25.612259+00:00","ti_id":"01a00741-27f0-7ae8-b800-d6946f95a98c","dag_id":"act_rave_ingestion","task_id":"extract_rave_data_to_s3","try_number":1,"map_index":-1,"logger":"task","filename":"task_runner.py","lineno":2270}
